<?xml version="1.0" encoding="UTF-8"?>
<TestRun id="bceb6b02-a291-4ab7-8378-94b8cba3554f" name="evgeniy@BPDE0CB4ED7032A 2013-07-04 14:14:58" runUser="AETP\evgeniy" xmlns="http://microsoft.com/schemas/VisualStudio/TeamTest/2010">
  <TestSettings name="Локальные" id="afdd1893-7501-4737-bd1f-5c876dde833e">
    <Description>Это - параметры по умолчанию для локального тестового запуска.</Description>
    <Deployment enabled="false" runDeploymentRoot="evgeniy_BPDE0CB4ED7032A 2013-07-04 14_14_58">
      <DeploymentItem filename="C:\Users\Evgeniy\projects\CItest\CItest\CItest\bin\Debug\CItest.exe" />
    </Deployment>
    <Execution>
      <TestTypeSpecific />
      <AgentRule name="Execution Agents">
      </AgentRule>
    </Execution>
  </TestSettings>
  <Times creation="2013-07-04T14:14:58.4070126+04:00" queuing="2013-07-04T14:14:58.5020221+04:00" start="2013-07-04T14:14:58.5270246+04:00" finish="2013-07-04T14:14:58.9560675+04:00" />
  <ResultSummary outcome="Completed">
    <Counters total="3" executed="3" passed="3" error="0" failed="0" timeout="0" aborted="0" inconclusive="0" passedButRunAborted="0" notRunnable="0" notExecuted="0" disconnected="0" warning="0" completed="0" inProgress="0" pending="0" />
  </ResultSummary>
  <TestDefinitions>
    <UnitTest name="TestCalculatorDiv" storage="c:\users\evgeniy\projects\citest\citest\tests\bin\debug\tests.dll" id="1d450a6c-4ee5-0321-fe4d-3e4904050c68">
      <Execution id="309efb08-38d6-4928-a00a-12471ce920ee" />
      <TestMethod codeBase="C:/Users/Evgeniy/projects/CItest/CItest/Tests/bin/Debug/Tests.DLL" adapterTypeName="Microsoft.VisualStudio.TestTools.TestTypes.Unit.UnitTestAdapter, Microsoft.VisualStudio.QualityTools.Tips.UnitTest.Adapter, Version=10.0.0.0, Culture=neutral, PublicKeyToken=b03f5f7f11d50a3a" className="Tests.CalculatorTest, Tests, Version=1.0.0.0, Culture=neutral, PublicKeyToken=null" name="TestCalculatorDiv" />
    </UnitTest>
    <UnitTest name="TestCalculatorSub" storage="c:\users\evgeniy\projects\citest\citest\tests\bin\debug\tests.dll" id="ceef37da-7a1a-5812-e2e2-58b6fbca56e4">
      <Execution id="5177f8c3-628b-40e1-8a62-6a1c187e2fee" />
      <TestMethod codeBase="C:/Users/Evgeniy/projects/CItest/CItest/Tests/bin/Debug/Tests.DLL" adapterTypeName="Microsoft.VisualStudio.TestTools.TestTypes.Unit.UnitTestAdapter, Microsoft.VisualStudio.QualityTools.Tips.UnitTest.Adapter, Version=10.0.0.0, Culture=neutral, PublicKeyToken=b03f5f7f11d50a3a" className="Tests.CalculatorTest, Tests, Version=1.0.0.0, Culture=neutral, PublicKeyToken=null" name="TestCalculatorSub" />
    </UnitTest>
    <UnitTest name="TestCalculatorAdd" storage="c:\users\evgeniy\projects\citest\citest\tests\bin\debug\tests.dll" id="359b83c7-6498-eae3-2dde-7f234440009e">
      <Execution id="a83ace82-9f3c-4cce-bf62-dade6f635a3b" />
      <TestMethod codeBase="C:/Users/Evgeniy/projects/CItest/CItest/Tests/bin/Debug/Tests.DLL" adapterTypeName="Microsoft.VisualStudio.TestTools.TestTypes.Unit.UnitTestAdapter, Microsoft.VisualStudio.QualityTools.Tips.UnitTest.Adapter, Version=10.0.0.0, Culture=neutral, PublicKeyToken=b03f5f7f11d50a3a" className="Tests.CalculatorTest, Tests, Version=1.0.0.0, Culture=neutral, PublicKeyToken=null" name="TestCalculatorAdd" />
    </UnitTest>
  </TestDefinitions>
  <TestLists>
    <TestList name="Отсутствующие в списке результаты" id="8c84fa94-04c1-424b-9868-57a2d4851a1d" />
    <TestList name="Все загруженные результаты" id="19431567-8539-422a-85d7-44ee4e166bda" />
  </TestLists>
  <TestEntries>
    <TestEntry testId="1d450a6c-4ee5-0321-fe4d-3e4904050c68" executionId="309efb08-38d6-4928-a00a-12471ce920ee" testListId="8c84fa94-04c1-424b-9868-57a2d4851a1d" />
    <TestEntry testId="359b83c7-6498-eae3-2dde-7f234440009e" executionId="a83ace82-9f3c-4cce-bf62-dade6f635a3b" testListId="8c84fa94-04c1-424b-9868-57a2d4851a1d" />
    <TestEntry testId="ceef37da-7a1a-5812-e2e2-58b6fbca56e4" executionId="5177f8c3-628b-40e1-8a62-6a1c187e2fee" testListId="8c84fa94-04c1-424b-9868-57a2d4851a1d" />
  </TestEntries>
  <Results>
    <UnitTestResult executionId="309efb08-38d6-4928-a00a-12471ce920ee" testId="1d450a6c-4ee5-0321-fe4d-3e4904050c68" testName="TestCalculatorDiv" computerName="BPDE0CB4ED7032A" duration="00:00:00.0228553" startTime="2013-07-04T14:14:58.5560275+04:00" endTime="2013-07-04T14:14:58.8880607+04:00" testType="13cdc9d9-ddb5-4fa4-a97d-d965ccfc6d4b" outcome="Passed" testListId="8c84fa94-04c1-424b-9868-57a2d4851a1d" relativeResultsDirectory="309efb08-38d6-4928-a00a-12471ce920ee">
    </UnitTestResult>
    <UnitTestResult executionId="a83ace82-9f3c-4cce-bf62-dade6f635a3b" testId="359b83c7-6498-eae3-2dde-7f234440009e" testName="TestCalculatorAdd" computerName="BPDE0CB4ED7032A" duration="00:00:00.0003534" startTime="2013-07-04T14:14:58.8930612+04:00" endTime="2013-07-04T14:14:58.9130632+04:00" testType="13cdc9d9-ddb5-4fa4-a97d-d965ccfc6d4b" outcome="Passed" testListId="8c84fa94-04c1-424b-9868-57a2d4851a1d" relativeResultsDirectory="a83ace82-9f3c-4cce-bf62-dade6f635a3b">
    </UnitTestResult>
    <UnitTestResult executionId="5177f8c3-628b-40e1-8a62-6a1c187e2fee" testId="ceef37da-7a1a-5812-e2e2-58b6fbca56e4" testName="TestCalculatorSub" computerName="BPDE0CB4ED7032A" duration="00:00:00.0012963" startTime="2013-07-04T14:14:58.9160635+04:00" endTime="2013-07-04T14:14:58.9330652+04:00" testType="13cdc9d9-ddb5-4fa4-a97d-d965ccfc6d4b" outcome="Passed" testListId="8c84fa94-04c1-424b-9868-57a2d4851a1d" relativeResultsDirectory="5177f8c3-628b-40e1-8a62-6a1c187e2fee">
    </UnitTestResult>
  </Results>
</TestRun>