<?xml version="1.0" encoding="UTF-8"?>
<TestRun id="2437d3fa-f407-4816-a284-9daa096bf81f" name="evgeniy@BPDE0CB4ED7032A 2013-07-04 14:14:31" runUser="AETP\evgeniy" xmlns="http://microsoft.com/schemas/VisualStudio/TeamTest/2010">
  <TestSettings name="Локальные" id="afdd1893-7501-4737-bd1f-5c876dde833e">
    <Description>Это - параметры по умолчанию для локального тестового запуска.</Description>
    <Deployment enabled="false" runDeploymentRoot="evgeniy_BPDE0CB4ED7032A 2013-07-04 14_14_31">
      <DeploymentItem filename="C:\Users\Evgeniy\projects\CItest\CItest\CItest\bin\Debug\CItest.exe" />
    </Deployment>
    <Execution>
      <TestTypeSpecific />
      <AgentRule name="Execution Agents">
      </AgentRule>
    </Execution>
  </TestSettings>
  <Times creation="2013-07-04T14:14:31.6113333+04:00" queuing="2013-07-04T14:14:31.6993421+04:00" start="2013-07-04T14:14:31.7643486+04:00" finish="2013-07-04T14:14:32.2944016+04:00" />
  <ResultSummary outcome="Failed">
    <Counters total="3" executed="3" passed="2" error="0" failed="1" timeout="0" aborted="0" inconclusive="0" passedButRunAborted="0" notRunnable="0" notExecuted="0" disconnected="0" warning="0" completed="0" inProgress="0" pending="0" />
  </ResultSummary>
  <TestDefinitions>
    <UnitTest name="TestCalculatorDiv" storage="c:\users\evgeniy\projects\citest\citest\tests\bin\debug\tests.dll" id="1d450a6c-4ee5-0321-fe4d-3e4904050c68">
      <Execution id="1a5ef3a1-2562-45c2-ac11-4821287dfaca" />
      <TestMethod codeBase="C:/Users/Evgeniy/projects/CItest/CItest/Tests/bin/Debug/Tests.DLL" adapterTypeName="Microsoft.VisualStudio.TestTools.TestTypes.Unit.UnitTestAdapter, Microsoft.VisualStudio.QualityTools.Tips.UnitTest.Adapter, Version=10.0.0.0, Culture=neutral, PublicKeyToken=b03f5f7f11d50a3a" className="Tests.CalculatorTest, Tests, Version=1.0.0.0, Culture=neutral, PublicKeyToken=null" name="TestCalculatorDiv" />
    </UnitTest>
    <UnitTest name="TestCalculatorSub" storage="c:\users\evgeniy\projects\citest\citest\tests\bin\debug\tests.dll" id="ceef37da-7a1a-5812-e2e2-58b6fbca56e4">
      <Execution id="1c9d39e9-6d2f-45ca-9f77-2a895cb9523e" />
      <TestMethod codeBase="C:/Users/Evgeniy/projects/CItest/CItest/Tests/bin/Debug/Tests.DLL" adapterTypeName="Microsoft.VisualStudio.TestTools.TestTypes.Unit.UnitTestAdapter, Microsoft.VisualStudio.QualityTools.Tips.UnitTest.Adapter, Version=10.0.0.0, Culture=neutral, PublicKeyToken=b03f5f7f11d50a3a" className="Tests.CalculatorTest, Tests, Version=1.0.0.0, Culture=neutral, PublicKeyToken=null" name="TestCalculatorSub" />
    </UnitTest>
    <UnitTest name="TestCalculatorAdd" storage="c:\users\evgeniy\projects\citest\citest\tests\bin\debug\tests.dll" id="359b83c7-6498-eae3-2dde-7f234440009e">
      <Execution id="1ab82fee-26d4-41b1-a7f8-ebd25f52f5d6" />
      <TestMethod codeBase="C:/Users/Evgeniy/projects/CItest/CItest/Tests/bin/Debug/Tests.DLL" adapterTypeName="Microsoft.VisualStudio.TestTools.TestTypes.Unit.UnitTestAdapter, Microsoft.VisualStudio.QualityTools.Tips.UnitTest.Adapter, Version=10.0.0.0, Culture=neutral, PublicKeyToken=b03f5f7f11d50a3a" className="Tests.CalculatorTest, Tests, Version=1.0.0.0, Culture=neutral, PublicKeyToken=null" name="TestCalculatorAdd" />
    </UnitTest>
  </TestDefinitions>
  <TestLists>
    <TestList name="Отсутствующие в списке результаты" id="8c84fa94-04c1-424b-9868-57a2d4851a1d" />
    <TestList name="Все загруженные результаты" id="19431567-8539-422a-85d7-44ee4e166bda" />
  </TestLists>
  <TestEntries>
    <TestEntry testId="1d450a6c-4ee5-0321-fe4d-3e4904050c68" executionId="1a5ef3a1-2562-45c2-ac11-4821287dfaca" testListId="8c84fa94-04c1-424b-9868-57a2d4851a1d" />
    <TestEntry testId="359b83c7-6498-eae3-2dde-7f234440009e" executionId="1ab82fee-26d4-41b1-a7f8-ebd25f52f5d6" testListId="8c84fa94-04c1-424b-9868-57a2d4851a1d" />
    <TestEntry testId="ceef37da-7a1a-5812-e2e2-58b6fbca56e4" executionId="1c9d39e9-6d2f-45ca-9f77-2a895cb9523e" testListId="8c84fa94-04c1-424b-9868-57a2d4851a1d" />
  </TestEntries>
  <Results>
    <UnitTestResult executionId="1a5ef3a1-2562-45c2-ac11-4821287dfaca" testId="1d450a6c-4ee5-0321-fe4d-3e4904050c68" testName="TestCalculatorDiv" computerName="BPDE0CB4ED7032A" duration="00:00:00.0532877" startTime="2013-07-04T14:14:31.7803502+04:00" endTime="2013-07-04T14:14:32.1603882+04:00" testType="13cdc9d9-ddb5-4fa4-a97d-d965ccfc6d4b" outcome="Failed" testListId="8c84fa94-04c1-424b-9868-57a2d4851a1d" relativeResultsDirectory="1a5ef3a1-2562-45c2-ac11-4821287dfaca">
      <Output>
        <ErrorInfo>
          <Message>Ошибка в Assert.AreEqual. Ожидается: &lt;5&gt;. Фактически: &lt;16&gt;. </Message>
          <StackTrace>   в Tests.CalculatorTest.TestCalculatorDiv() в C:\Users\Evgeniy\projects\CItest\CItest\Tests\CalculatorTest.cs:строка 94
</StackTrace>
        </ErrorInfo>
      </Output>
    </UnitTestResult>
    <UnitTestResult executionId="1ab82fee-26d4-41b1-a7f8-ebd25f52f5d6" testId="359b83c7-6498-eae3-2dde-7f234440009e" testName="TestCalculatorAdd" computerName="BPDE0CB4ED7032A" duration="00:00:00.0056327" startTime="2013-07-04T14:14:32.1753897+04:00" endTime="2013-07-04T14:14:32.2023924+04:00" testType="13cdc9d9-ddb5-4fa4-a97d-d965ccfc6d4b" outcome="Passed" testListId="8c84fa94-04c1-424b-9868-57a2d4851a1d" relativeResultsDirectory="1ab82fee-26d4-41b1-a7f8-ebd25f52f5d6">
    </UnitTestResult>
    <UnitTestResult executionId="1c9d39e9-6d2f-45ca-9f77-2a895cb9523e" testId="ceef37da-7a1a-5812-e2e2-58b6fbca56e4" testName="TestCalculatorSub" computerName="BPDE0CB4ED7032A" duration="00:00:00.0014360" startTime="2013-07-04T14:14:32.2183940+04:00" endTime="2013-07-04T14:14:32.2623984+04:00" testType="13cdc9d9-ddb5-4fa4-a97d-d965ccfc6d4b" outcome="Passed" testListId="8c84fa94-04c1-424b-9868-57a2d4851a1d" relativeResultsDirectory="1c9d39e9-6d2f-45ca-9f77-2a895cb9523e">
    </UnitTestResult>
  </Results>
</TestRun>